[tanshcreative.com/ainotion-lp-preview/index.html]
[backblue.gif]
[fade.gif]
[index.html]
[tanshcreative.com/ainotion-lp-preview/assets/images/icons/apple-touch-icon-144-precomposed.png]
[tanshcreative.com/ainotion-lp-preview/assets/images/icons/apple-touch-icon-120-precomposed.png]
[tanshcreative.com/ainotion-lp-preview/assets/images/icons/apple-touch-icon-76-precomposed.png]
[tanshcreative.com/ainotion-lp-preview/assets/images/icons/favicon.png]
[tanshcreative.com/ainotion-lp-preview/assets/images/logo-dark.png]
[tanshcreative.com/ainotion-lp-preview/assets/images/hero-bg.png]
[tanshcreative.com/ainotion-lp-preview/assets/images/hero-img.png]
[tanshcreative.com/ainotion-lp-preview/assets/images/client-2.png]
[tanshcreative.com/ainotion-lp-preview/assets/images/client-1.png]
[tanshcreative.com/ainotion-lp-preview/assets/images/client-3.png]
[tanshcreative.com/ainotion-lp-preview/assets/images/client-4.png]
[tanshcreative.com/ainotion-lp-preview/assets/images/client-5.png]
[tanshcreative.com/ainotion-lp-preview/assets/images/client-6.png]
[tanshcreative.com/ainotion-lp-preview/assets/images/icon-large1.png]
[tanshcreative.com/ainotion-lp-preview/assets/images/icon-large2.png]
[tanshcreative.com/ainotion-lp-preview/assets/images/icon-large3.png]
[tanshcreative.com/ainotion-lp-preview/assets/images/cta-bg.png]
[tanshcreative.com/ainotion-lp-preview/assets/images/ai-img1.png]
[tanshcreative.com/ainotion-lp-preview/assets/images/ai-img2.png]
[tanshcreative.com/ainotion-lp-preview/assets/images/user-1.jpg]
[tanshcreative.com/ainotion-lp-preview/assets/images/user-2.jpg]
[tanshcreative.com/ainotion-lp-preview/assets/images/user-3.jpg]
[tanshcreative.com/ainotion-lp-preview/assets/images/user-6.jpg]
[tanshcreative.com/ainotion-lp-preview/assets/images/user-7.jpg]
[tanshcreative.com/ainotion-lp-preview/assets/images/features-bg.png]
[tanshcreative.com/ainotion-lp-preview/assets/images/icon-small1.png]
[tanshcreative.com/ainotion-lp-preview/assets/images/icon-small2.png]
[tanshcreative.com/ainotion-lp-preview/assets/images/icon-small3.png]
[tanshcreative.com/ainotion-lp-preview/assets/images/icon-small4.png]
[tanshcreative.com/ainotion-lp-preview/assets/images/icon-small5.png]
[tanshcreative.com/ainotion-lp-preview/assets/images/illustration.png]
[tanshcreative.com/ainotion-lp-preview/assets/images/blogpost-img1.jpg]
[tanshcreative.com/ainotion-lp-preview/assets/images/user-4.jpg]
[tanshcreative.com/ainotion-lp-preview/assets/images/blogpost-img2.jpg]
[tanshcreative.com/ainotion-lp-preview/assets/images/user-5.jpg]
[tanshcreative.com/ainotion-lp-preview/assets/images/blogpost-img3.jpg]
[tanshcreative.com/ainotion-lp-preview/assets/images/section-bg-img.jpg]
[tanshcreative.com/ainotion-lp-preview/assets/images/form-bg.png]
[tanshcreative.com/ainotion-lp-preview/assets/images/logo-light.png]
[tanshcreative.com/ainotion-lp-preview/assets/js/jquery.min.js]
[tanshcreative.com/ainotion-lp-preview/assets/js/bootstrap.min.js]
[tanshcreative.com/ainotion-lp-preview/assets/js/plugins.js]
[tanshcreative.com/ainotion-lp-preview/assets/js/custom.js]
[tanshcreative.com/ainotion-lp-preview/index.html]
[tanshcreative.com/ainotion-lp-preview/assets/css/bootstrap.min.css]
[tanshcreative.com/ainotion-lp-preview/assets/fonts/icomoon.eot]
[tanshcreative.com/ainotion-lp-preview/assets/fonts/icomoon9f0c.eot]
[tanshcreative.com/ainotion-lp-preview/assets/fonts/icomoon.ttf]
[tanshcreative.com/ainotion-lp-preview/assets/fonts/icomoon.woff]
[tanshcreative.com/ainotion-lp-preview/assets/fonts/iconfonts.css]
[tanshcreative.com/ainotion-lp-preview/assets/css/mCSB_buttons.png]
[tanshcreative.com/ainotion-lp-preview/assets/css/plugins.css]
[tanshcreative.com/ainotion-lp-preview/assets/css/style.css]
[tanshcreative.com/ainotion-lp-preview/assets/css/responsive.css]
[tanshcreative.com/ainotion-lp-preview/assets/css/color.css]
[tanshcreative.com/ainotion-lp-preview/assets/fonts/icomoon9f0c.svg]
[tanshcreative.com/ainotion-lp-preview/assets/css/mCSB_buttons.html]
